/global/homes/r/rhliu/.conda/envs/rhliu_tSZ/lib/python3.8/site-packages/scipy/__init__.py:146: UserWarning: A NumPy version >=1.16.5 and <1.23.0 is required for this version of SciPy (detected version 1.23.5
  warnings.warn(f"A NumPy version >={np_minversion} and <{np_maxversion}"
Arguments: {'path2config': './configs/diskring_SGC.yaml'}
Removing mean velocity from the catalog
- load full catalog from /pscratch/sd/r/rhliu/projects/Weak_lensing/desi/spec_Y3/DESIY3_LRG_z1/catalog_SGC_unfiltered.txt
- load full catalog from /pscratch/sd/r/rhliu/projects/Weak_lensing/desi/spec_Y3/DESIY3_LRG_z2/catalog_SGC_unfiltered.txt
- load full catalog from /pscratch/sd/r/rhliu/projects/Weak_lensing/desi/spec_Y3/DESIY3_LRG_z3/catalog_SGC_unfiltered.txt
- load full catalog from /pscratch/sd/r/rhliu/projects/Weak_lensing/desi/spec_Y3/DESIY3_LRG_z4/catalog_SGC_unfiltered.txt
- Thumbstack: DESIY3_LRG_z1
loaded mmax
overlap
Evaluate all filters on all objects
- analyze object 0
- analyze object 10000
- analyze object 20000
- analyze object 30000
- analyze object 40000
- analyze object 50000
- analyze object 60000
- analyze object 70000
- analyze object 80000
- analyze object 90000
- analyze object 100000
- analyze object 110000
- analyze object 120000
- analyze object 130000
- analyze object 140000
- analyze object 150000
- analyze object 160000
- analyze object 170000
- analyze object 180000
- analyze object 190000
- analyze object 200000
- analyze object 210000
- analyze object 220000
- analyze object 230000
- analyze object 240000
- analyze object 250000
- analyze object 260000
- analyze object 270000
- analyze object 280000
- analyze object 290000
- analyze object 300000
- analyze object 310000
- analyze object 320000
- analyze object 330000
- analyze object 340000
- analyze object 350000
- analyze object 360000
took 2.0264851013819376 min
filtering
Measure var for each aperture (no hit count)
hitcount
- compute all stacked profiles and their cov
Performing 10000 bootstrap resamples
took 1.3403035720189413 min
Computing all stacked profiles (and cov) took 1.3449128071467082 min
- load stacked profiles and their cov
allstacked
- plot all stacked profiles
- plot all covariances
- compute all SNR and significances
- compute SNR and significances for diskring ksz_uniformweight 
- compute SNR and significances for diskring ksz_uniformweight tsz
- compute SNR and significances for diskring ksz_uniformweight ksz
Computed all profiles for individual stacks. Allprofiles shape: (210878, 9)
1.0
1.625
2.25
2.875
3.5
4.125
4.75
5.375
6.0
Saving individual stacks to /pscratch/sd/r/rhliu/projects/Weak_lensing/ksz_measurements/ACTxDESI/spec_Y3/SGC_unfiltered/diskring_profiles_SGC_unfiltered_z1.csv
- Thumbstack: DESIY3_LRG_z2
/global/homes/r/rhliu/projects/repos/ThumbStack/thumbstack.py:251: RuntimeWarning: divide by zero encountered in log10
  self.MMax = np.logspace(np.log10(self.Catalog.Mvir.min()*1.1), np.log10(self.Catalog.Mvir.max()), self.nMMax)
/global/homes/r/rhliu/.conda/envs/rhliu_tSZ/lib/python3.8/site-packages/numpy/core/function_base.py:151: RuntimeWarning: invalid value encountered in multiply
  y *= step
/global/homes/r/rhliu/.conda/envs/rhliu_tSZ/lib/python3.8/site-packages/numpy/core/function_base.py:161: RuntimeWarning: invalid value encountered in add
  y += start
loaded mmax
overlap
Evaluate all filters on all objects
- analyze object 0
- analyze object 10000
- analyze object 20000
- analyze object 30000
- analyze object 40000
- analyze object 50000
- analyze object 60000
- analyze object 70000
- analyze object 80000
- analyze object 90000
- analyze object 100000
- analyze object 110000
- analyze object 120000
- analyze object 130000
- analyze object 140000
- analyze object 150000
- analyze object 160000
- analyze object 170000
- analyze object 180000
- analyze object 190000
- analyze object 200000
- analyze object 210000
- analyze object 220000
- analyze object 230000
- analyze object 240000
- analyze object 250000
- analyze object 260000
- analyze object 270000
- analyze object 280000
- analyze object 290000
- analyze object 300000
- analyze object 310000
- analyze object 320000
- analyze object 330000
- analyze object 340000
- analyze object 350000
- analyze object 360000
- analyze object 370000
- analyze object 380000
- analyze object 390000
- analyze object 400000
- analyze object 410000
- analyze object 420000
- analyze object 430000
- analyze object 440000
- analyze object 450000
- analyze object 460000
- analyze object 470000
- analyze object 480000
- analyze object 490000
- analyze object 500000
- analyze object 510000
- analyze object 520000
- analyze object 530000
- analyze object 540000
- analyze object 550000
took 3.0296508709589642 min
filtering
Measure var for each aperture (no hit count)
hitcount
- compute all stacked profiles and their cov
Performing 10000 bootstrap resamples
took 2.0898311575253805 min
Computing all stacked profiles (and cov) took 2.096649249394735 min
- load stacked profiles and their cov
allstacked
- plot all stacked profiles
- plot all covariances
- compute all SNR and significances
- compute SNR and significances for diskring ksz_uniformweight 
- compute SNR and significances for diskring ksz_uniformweight tsz
- compute SNR and significances for diskring ksz_uniformweight ksz
Computed all profiles for individual stacks. Allprofiles shape: (317609, 9)
1.0
1.625
2.25
2.875
3.5
4.125
4.75
5.375
6.0
Saving individual stacks to /pscratch/sd/r/rhliu/projects/Weak_lensing/ksz_measurements/ACTxDESI/spec_Y3/SGC_unfiltered/diskring_profiles_SGC_unfiltered_z2.csv
- Thumbstack: DESIY3_LRG_z3
/global/homes/r/rhliu/projects/repos/ThumbStack/thumbstack.py:251: RuntimeWarning: divide by zero encountered in log10
  self.MMax = np.logspace(np.log10(self.Catalog.Mvir.min()*1.1), np.log10(self.Catalog.Mvir.max()), self.nMMax)
/global/homes/r/rhliu/.conda/envs/rhliu_tSZ/lib/python3.8/site-packages/numpy/core/function_base.py:151: RuntimeWarning: invalid value encountered in multiply
  y *= step
/global/homes/r/rhliu/.conda/envs/rhliu_tSZ/lib/python3.8/site-packages/numpy/core/function_base.py:161: RuntimeWarning: invalid value encountered in add
  y += start
loaded mmax
overlap
Evaluate all filters on all objects
- analyze object 0
- analyze object 10000
- analyze object 20000
- analyze object 30000
- analyze object 40000
- analyze object 50000
- analyze object 60000
- analyze object 70000
- analyze object 80000
- analyze object 90000
- analyze object 100000
- analyze object 110000
- analyze object 120000
- analyze object 130000
- analyze object 140000
- analyze object 150000
- analyze object 160000
- analyze object 170000
- analyze object 180000
- analyze object 190000
- analyze object 200000
- analyze object 210000
- analyze object 220000
- analyze object 230000
- analyze object 240000
- analyze object 250000
- analyze object 260000
- analyze object 270000
- analyze object 280000
- analyze object 290000
- analyze object 300000
- analyze object 310000
- analyze object 320000
- analyze object 330000
- analyze object 340000
- analyze object 350000
- analyze object 360000
- analyze object 370000
- analyze object 380000
- analyze object 390000
- analyze object 400000
- analyze object 410000
- analyze object 420000
- analyze object 430000
took 2.425155969460805 min
filtering
Measure var for each aperture (no hit count)
hitcount
- compute all stacked profiles and their cov
Performing 10000 bootstrap resamples
took 1.8260198791821798 min
Computing all stacked profiles (and cov) took 1.831538200378418 min
- load stacked profiles and their cov
allstacked
- plot all stacked profiles
- plot all covariances
- compute all SNR and significances
- compute SNR and significances for diskring ksz_uniformweight 
- compute SNR and significances for diskring ksz_uniformweight tsz
- compute SNR and significances for diskring ksz_uniformweight ksz
Computed all profiles for individual stacks. Allprofiles shape: (251036, 9)
1.0
1.625
2.25
2.875
3.5
4.125
4.75
5.375
6.0
Saving individual stacks to /pscratch/sd/r/rhliu/projects/Weak_lensing/ksz_measurements/ACTxDESI/spec_Y3/SGC_unfiltered/diskring_profiles_SGC_unfiltered_z3.csv
- Thumbstack: DESIY3_LRG_z4
loaded mmax
overlap
Evaluate all filters on all objects
- analyze object 0
- analyze object 10000
- analyze object 20000
- analyze object 30000
- analyze object 40000
- analyze object 50000
- analyze object 60000
- analyze object 70000
- analyze object 80000
- analyze object 90000
- analyze object 100000
- analyze object 110000
- analyze object 120000
- analyze object 130000
- analyze object 140000
- analyze object 150000
- analyze object 160000
- analyze object 170000
took 1.0780986467997233 min
filtering
Measure var for each aperture (no hit count)
hitcount
- compute all stacked profiles and their cov
Performing 10000 bootstrap resamples
took 0.6606728633244833 min
Computing all stacked profiles (and cov) took 0.663161834081014 min
- load stacked profiles and their cov
allstacked
- plot all stacked profiles
- plot all covariances
- compute all SNR and significances
- compute SNR and significances for diskring ksz_uniformweight 
- compute SNR and significances for diskring ksz_uniformweight tsz
- compute SNR and significances for diskring ksz_uniformweight ksz
Computed all profiles for individual stacks. Allprofiles shape: (102901, 9)
1.0
1.625
2.25
2.875
3.5
4.125
4.75
5.375
6.0
Saving individual stacks to /pscratch/sd/r/rhliu/projects/Weak_lensing/ksz_measurements/ACTxDESI/spec_Y3/SGC_unfiltered/diskring_profiles_SGC_unfiltered_z4.csv
Total time: 1042.3790991306305 seconds
