/global/homes/r/rhliu/.conda/envs/rhliu_tSZ/lib/python3.8/site-packages/scipy/__init__.py:146: UserWarning: A NumPy version >=1.16.5 and <1.23.0 is required for this version of SciPy (detected version 1.23.5
  warnings.warn(f"A NumPy version >={np_minversion} and <{np_maxversion}"
- load full catalog from /pscratch/sd/b/boryanah/ACTxDESI/DESI/DESI_pz1/LRG.txt
- Thumbstack: 
/global/homes/r/rhliu/projects/repos/ThumbStack/thumbstack.py:246: RuntimeWarning: divide by zero encountered in log10
  self.MMax = np.logspace(np.log10(self.Catalog.Mvir.min()*1.1), np.log10(self.Catalog.Mvir.max()), self.nMMax)
/global/homes/r/rhliu/.conda/envs/rhliu_tSZ/lib/python3.8/site-packages/numpy/core/function_base.py:134: RuntimeWarning: invalid value encountered in double_scalars
  delta = stop - start
loaded mmax
overlap
Evaluate all filters on all objects
- analyze object 0
- analyze object 10000
- analyze object 20000
- analyze object 30000
- analyze object 40000
- analyze object 50000
- analyze object 60000
- analyze object 70000
- analyze object 80000
- analyze object 90000
- analyze object 100000
- analyze object 110000
- analyze object 120000
- analyze object 130000
- analyze object 140000
- analyze object 150000
- analyze object 160000
- analyze object 170000
- analyze object 180000
- analyze object 190000
- analyze object 200000
- analyze object 210000
- analyze object 220000
- analyze object 230000
- analyze object 240000
- analyze object 250000
- analyze object 260000
- analyze object 270000
- analyze object 280000
- analyze object 290000
- analyze object 300000
- analyze object 310000
- analyze object 320000
- analyze object 330000
- analyze object 340000
- analyze object 350000
- analyze object 360000
- analyze object 370000
- analyze object 380000
- analyze object 390000
- analyze object 400000
- analyze object 410000
- analyze object 420000
- analyze object 430000
- analyze object 440000
- analyze object 450000
- analyze object 460000
- analyze object 470000
- analyze object 480000
- analyze object 490000
- analyze object 500000
- analyze object 510000
- analyze object 520000
- analyze object 530000
- analyze object 540000
- analyze object 550000
- analyze object 560000
- analyze object 570000
- analyze object 580000
- analyze object 590000
- analyze object 600000
- analyze object 610000
- analyze object 620000
- analyze object 630000
- analyze object 640000
- analyze object 650000
- analyze object 660000
- analyze object 670000
- analyze object 680000
- analyze object 690000
- analyze object 700000
- analyze object 710000
- analyze object 720000
- analyze object 730000
- analyze object 740000
- analyze object 750000
- analyze object 760000
- analyze object 770000
- analyze object 780000
- analyze object 790000
- analyze object 800000
- analyze object 810000
- analyze object 820000
- analyze object 830000
- analyze object 840000
- analyze object 850000
- analyze object 860000
- analyze object 870000
- analyze object 880000
- analyze object 890000
- analyze object 900000
- analyze object 910000
- analyze object 920000
- analyze object 930000
- analyze object 940000
- analyze object 950000
- analyze object 960000
- analyze object 970000
- analyze object 980000
- analyze object 990000
- analyze object 1000000
- analyze object 1010000
- analyze object 1020000
- analyze object 1030000
- analyze object 1040000
- analyze object 1050000
- analyze object 1060000
- analyze object 1070000
- analyze object 1080000
- analyze object 1090000
- analyze object 1100000
- analyze object 1110000
- analyze object 1120000
- analyze object 1130000
- analyze object 1140000
- analyze object 1150000
- analyze object 1160000
- analyze object 1170000
- analyze object 1180000
- analyze object 1190000
- analyze object 1200000
- analyze object 1210000
- analyze object 1220000
- analyze object 1230000
- analyze object 1240000
- analyze object 1250000
- analyze object 1260000
- analyze object 1270000
- analyze object 1280000
- analyze object 1290000
- analyze object 1300000
- analyze object 1310000
- analyze object 1320000
- analyze object 1330000
- analyze object 1340000
- analyze object 1350000
- analyze object 1360000
- analyze object 1370000
- analyze object 1380000
- analyze object 1390000
- analyze object 1400000
- analyze object 1410000
- analyze object 1420000
- analyze object 1430000
- analyze object 1440000
- analyze object 1450000
- analyze object 1460000
- analyze object 1470000
- analyze object 1480000
- analyze object 1490000
- analyze object 1500000
- analyze object 1510000
- analyze object 1520000
- analyze object 1530000
- analyze object 1540000
- analyze object 1550000
- analyze object 1560000
- analyze object 1570000
- analyze object 1580000
- analyze object 1590000
- analyze object 1600000
- analyze object 1610000
- analyze object 1620000
- analyze object 1630000
- analyze object 1640000
- analyze object 1650000
- analyze object 1660000
- analyze object 1670000
- analyze object 1680000
- analyze object 1690000
- analyze object 1700000
- analyze object 1710000
- analyze object 1720000
- analyze object 1730000
- analyze object 1740000
- analyze object 1750000
- analyze object 1760000
- analyze object 1770000
- analyze object 1780000
- analyze object 1790000
- analyze object 1800000
- analyze object 1810000
- analyze object 1820000
- analyze object 1830000
- analyze object 1840000
- analyze object 1850000
- analyze object 1860000
- analyze object 1870000
- analyze object 1880000
- analyze object 1890000
- analyze object 1900000
- analyze object 1910000
- analyze object 1920000
- analyze object 1930000
- analyze object 1940000
- analyze object 1950000
- analyze object 1960000
- analyze object 1970000
- analyze object 1980000
- analyze object 1990000
- analyze object 2000000
- analyze object 2010000
- analyze object 2020000
- analyze object 2030000
- analyze object 2040000
- analyze object 2050000
- analyze object 2060000
- analyze object 2070000
- analyze object 2080000
- analyze object 2090000
- analyze object 2100000
- analyze object 2110000
- analyze object 2120000
- analyze object 2130000
- analyze object 2140000
- analyze object 2150000
- analyze object 2160000
- analyze object 2170000
- analyze object 2180000
- analyze object 2190000
- analyze object 2200000
- analyze object 2210000
- analyze object 2220000
- analyze object 2230000
- analyze object 2240000
- analyze object 2250000
- analyze object 2260000
- analyze object 2270000
- analyze object 2280000
- analyze object 2290000
- analyze object 2300000
- analyze object 2310000
- analyze object 2320000
- analyze object 2330000
- analyze object 2340000
- analyze object 2350000
- analyze object 2360000
- analyze object 2370000
- analyze object 2380000
- analyze object 2390000
- analyze object 2400000
- analyze object 2410000
- analyze object 2420000
- analyze object 2430000
- analyze object 2440000
- analyze object 2450000
- analyze object 2460000
- analyze object 2470000
- analyze object 2480000
- analyze object 2490000
- analyze object 2500000
- analyze object 2510000
- analyze object 2520000
- analyze object 2530000
- analyze object 2540000
- analyze object 2550000
- analyze object 2560000
- analyze object 2570000
- analyze object 2580000
- analyze object 2590000
- analyze object 2600000
- analyze object 2610000
- analyze object 2620000
- analyze object 2630000
- analyze object 2640000
- analyze object 2650000
- analyze object 2660000
- analyze object 2670000
- analyze object 2680000
- analyze object 2690000
- analyze object 2700000
- analyze object 2710000
- analyze object 2720000
- analyze object 2730000
- analyze object 2740000
- analyze object 2750000
- analyze object 2760000
- analyze object 2770000
- analyze object 2780000
- analyze object 2790000
- analyze object 2800000
- analyze object 2810000
- analyze object 2820000
- analyze object 2830000
- analyze object 2840000
- analyze object 2850000
- analyze object 2860000
- analyze object 2870000
- analyze object 2880000
- analyze object 2890000
- analyze object 2900000
- analyze object 2910000
- analyze object 2920000
- analyze object 2930000
- analyze object 2940000
- analyze object 2950000
- analyze object 2960000
- analyze object 2970000
- analyze object 2980000
- analyze object 2990000
- analyze object 3000000
- analyze object 3010000
- analyze object 3020000
- analyze object 3030000
- analyze object 3040000
- analyze object 3050000
- analyze object 3060000
- analyze object 3070000
- analyze object 3080000
- analyze object 3090000
- analyze object 3100000
- analyze object 3110000
- analyze object 3120000
- analyze object 3130000
- analyze object 3140000
- analyze object 3150000
- analyze object 3160000
- analyze object 3170000
- analyze object 3180000
- analyze object 3190000
- analyze object 3200000
- analyze object 3210000
- analyze object 3220000
- analyze object 3230000
- analyze object 3240000
- analyze object 3250000
- analyze object 3260000
- analyze object 3270000
- analyze object 3280000
- analyze object 3290000
- analyze object 3300000
- analyze object 3310000
- analyze object 3320000
- analyze object 3330000
- analyze object 3340000
- analyze object 3350000
- analyze object 3360000
- analyze object 3370000
- analyze object 3380000
- analyze object 3390000
- analyze object 3400000
- analyze object 3410000
- analyze object 3420000
- analyze object 3430000
- analyze object 3440000
- analyze object 3450000
- analyze object 3460000
- analyze object 3470000
- analyze object 3480000
- analyze object 3490000
- analyze object 3500000
- analyze object 3510000
- analyze object 3520000
- analyze object 3530000
- analyze object 3540000
- analyze object 3550000
- analyze object 3560000
- analyze object 3570000
- analyze object 3580000
- analyze object 3590000
- analyze object 3600000
- analyze object 3610000
- analyze object 3620000
- analyze object 3630000
- analyze object 3640000
- analyze object 3650000
- analyze object 3660000
- analyze object 3670000
- analyze object 3680000
- analyze object 3690000
- analyze object 3700000
- analyze object 3710000
- analyze object 3720000
- analyze object 3730000
- analyze object 3740000
- analyze object 3750000
- analyze object 3760000
- analyze object 3770000
- analyze object 3780000
- analyze object 3790000
- analyze object 3800000
- analyze object 3810000
- analyze object 3820000
- analyze object 3830000
- analyze object 3840000
- analyze object 3850000
- analyze object 3860000
- analyze object 3870000
- analyze object 3880000
- analyze object 3890000
- analyze object 3900000
- analyze object 3910000
- analyze object 3920000
- analyze object 3930000
- analyze object 3940000
- analyze object 3950000
- analyze object 3960000
- analyze object 3970000
- analyze object 3980000
- analyze object 3990000
- analyze object 4000000
- analyze object 4010000
- analyze object 4020000
- analyze object 4030000
- analyze object 4040000
- analyze object 4050000
- analyze object 4060000
- analyze object 4070000
- analyze object 4080000
- analyze object 4090000
- analyze object 4100000
- analyze object 4110000
- analyze object 4120000
- analyze object 4130000
- analyze object 4140000
- analyze object 4150000
- analyze object 4160000
- analyze object 4170000
- analyze object 4180000
- analyze object 4190000
- analyze object 4200000
- analyze object 4210000
- analyze object 4220000
- analyze object 4230000
- analyze object 4240000
- analyze object 4250000
- analyze object 4260000
- analyze object 4270000
- analyze object 4280000
- analyze object 4290000
- analyze object 4300000
- analyze object 4310000
- analyze object 4320000
- analyze object 4330000
- analyze object 4340000
- analyze object 4350000
- analyze object 4360000
- analyze object 4370000
- analyze object 4380000
- analyze object 4390000
- analyze object 4400000
- analyze object 4410000
- analyze object 4420000
- analyze object 4430000
- analyze object 4440000
- analyze object 4450000
- analyze object 4460000
took 24.897317965825398 min
filtering
Measure var for each aperture (no hit count)
hitcount
- compute all stacked profiles and their cov
Performing 10000 bootstrap resamples
took 12.804081034660339 min
Computing all stacked profiles (and cov) took 12.850303582350413 min
- load stacked profiles and their cov
allstacked
- plot all stacked profiles
- plot all covariances
- compute all SNR and significances
- compute SNR and significances for DSigma ksz_uniformweight 
- compute SNR and significances for DSigma ksz_uniformweight tsz
- compute SNR and significances for DSigma ksz_uniformweight ksz
