/global/homes/r/rhliu/.conda/envs/rhliu_tSZ/lib/python3.8/site-packages/scipy/__init__.py:146: UserWarning: A NumPy version >=1.16.5 and <1.23.0 is required for this version of SciPy (detected version 1.23.5
  warnings.warn(f"A NumPy version >={np_minversion} and <{np_maxversion}"
Arguments: {'path2config': './configs/diskring_NGC.yaml'}
- load full catalog from /pscratch/sd/r/rhliu/projects/Weak_lensing/desi/spec_Y3/DESIY3_LRG/catalog_NGC_no_src_with_cluster_mask.txt
- Thumbstack: DESIY3_LRG
/global/homes/r/rhliu/projects/repos/ThumbStack/thumbstack.py:251: RuntimeWarning: divide by zero encountered in log10
  self.MMax = np.logspace(np.log10(self.Catalog.Mvir.min()*1.1), np.log10(self.Catalog.Mvir.max()), self.nMMax)
/global/homes/r/rhliu/.conda/envs/rhliu_tSZ/lib/python3.8/site-packages/numpy/core/function_base.py:134: RuntimeWarning: invalid value encountered in double_scalars
  delta = stop - start
loaded mmax
overlap
Evaluate all filters on all objects
- analyze object 0
- analyze object 10000
- analyze object 20000
- analyze object 30000
- analyze object 40000
- analyze object 50000
- analyze object 60000
- analyze object 70000
- analyze object 80000
- analyze object 90000
- analyze object 100000
- analyze object 110000
- analyze object 120000
- analyze object 130000
- analyze object 140000
- analyze object 150000
- analyze object 160000
- analyze object 170000
- analyze object 180000
- analyze object 190000
- analyze object 200000
- analyze object 210000
- analyze object 220000
- analyze object 230000
- analyze object 240000
- analyze object 250000
- analyze object 260000
- analyze object 270000
- analyze object 280000
- analyze object 290000
- analyze object 300000
- analyze object 310000
- analyze object 320000
- analyze object 330000
- analyze object 340000
- analyze object 350000
- analyze object 360000
- analyze object 370000
- analyze object 380000
- analyze object 390000
- analyze object 400000
- analyze object 410000
- analyze object 420000
- analyze object 430000
- analyze object 440000
- analyze object 450000
- analyze object 460000
- analyze object 470000
- analyze object 480000
- analyze object 490000
- analyze object 500000
- analyze object 510000
- analyze object 520000
- analyze object 530000
- analyze object 540000
- analyze object 550000
- analyze object 560000
- analyze object 570000
- analyze object 580000
- analyze object 590000
- analyze object 600000
- analyze object 610000
- analyze object 620000
- analyze object 630000
- analyze object 640000
- analyze object 650000
- analyze object 660000
- analyze object 670000
- analyze object 680000
- analyze object 690000
- analyze object 700000
- analyze object 710000
- analyze object 720000
- analyze object 730000
- analyze object 740000
- analyze object 750000
- analyze object 760000
- analyze object 770000
- analyze object 780000
- analyze object 790000
- analyze object 800000
- analyze object 810000
- analyze object 820000
- analyze object 830000
- analyze object 840000
- analyze object 850000
- analyze object 860000
- analyze object 870000
- analyze object 880000
- analyze object 890000
- analyze object 900000
- analyze object 910000
- analyze object 920000
- analyze object 930000
- analyze object 940000
- analyze object 950000
- analyze object 960000
- analyze object 970000
- analyze object 980000
- analyze object 990000
- analyze object 1000000
- analyze object 1010000
- analyze object 1020000
- analyze object 1030000
- analyze object 1040000
- analyze object 1050000
- analyze object 1060000
- analyze object 1070000
- analyze object 1080000
- analyze object 1090000
- analyze object 1100000
- analyze object 1110000
- analyze object 1120000
- analyze object 1130000
- analyze object 1140000
- analyze object 1150000
- analyze object 1160000
- analyze object 1170000
- analyze object 1180000
- analyze object 1190000
- analyze object 1200000
- analyze object 1210000
- analyze object 1220000
- analyze object 1230000
- analyze object 1240000
- analyze object 1250000
- analyze object 1260000
took 6.732818885644277 min
filtering
Measure var for each aperture (no hit count)
hitcount
- compute all stacked profiles and their cov
Performing 10000 bootstrap resamples
took 4.4589121580123905 min
Computing all stacked profiles (and cov) took 4.475652245680491 min
- load stacked profiles and their cov
allstacked
- plot all stacked profiles
- plot all covariances
- compute all SNR and significances
- compute SNR and significances for diskring ksz_uniformweight 
- compute SNR and significances for diskring ksz_uniformweight tsz
- compute SNR and significances for diskring ksz_uniformweight ksz
Total time: 771.6139848232269 seconds
/global/homes/r/rhliu/.conda/envs/rhliu_tSZ/lib/python3.8/site-packages/scipy/__init__.py:146: UserWarning: A NumPy version >=1.16.5 and <1.23.0 is required for this version of SciPy (detected version 1.23.5
  warnings.warn(f"A NumPy version >={np_minversion} and <{np_maxversion}"
Arguments: {'path2config': './configs/dsigma_NGC.yaml'}
- load full catalog from /pscratch/sd/r/rhliu/projects/Weak_lensing/desi/spec_Y3/DESIY3_LRG/catalog_NGC_no_src_with_cluster_mask.txt
- Thumbstack: DESIY3_LRG
/global/homes/r/rhliu/projects/repos/ThumbStack/thumbstack.py:251: RuntimeWarning: divide by zero encountered in log10
  self.MMax = np.logspace(np.log10(self.Catalog.Mvir.min()*1.1), np.log10(self.Catalog.Mvir.max()), self.nMMax)
/global/homes/r/rhliu/.conda/envs/rhliu_tSZ/lib/python3.8/site-packages/numpy/core/function_base.py:134: RuntimeWarning: invalid value encountered in double_scalars
  delta = stop - start
loaded mmax
overlap
Evaluate all filters on all objects
- analyze object 0
- analyze object 10000
- analyze object 20000
- analyze object 30000
- analyze object 40000
- analyze object 50000
- analyze object 60000
- analyze object 70000
- analyze object 80000
- analyze object 90000
- analyze object 100000
- analyze object 110000
- analyze object 120000
- analyze object 130000
- analyze object 140000
- analyze object 150000
- analyze object 160000
- analyze object 170000
- analyze object 180000
- analyze object 190000
- analyze object 200000
- analyze object 210000
- analyze object 220000
- analyze object 230000
- analyze object 240000
- analyze object 250000
- analyze object 260000
- analyze object 270000
- analyze object 280000
- analyze object 290000
- analyze object 300000
- analyze object 310000
- analyze object 320000
- analyze object 330000
- analyze object 340000
- analyze object 350000
- analyze object 360000
- analyze object 370000
- analyze object 380000
- analyze object 390000
- analyze object 400000
- analyze object 410000
- analyze object 420000
- analyze object 430000
- analyze object 440000
- analyze object 450000
- analyze object 460000
- analyze object 470000
- analyze object 480000
- analyze object 490000
- analyze object 500000
- analyze object 510000
- analyze object 520000
- analyze object 530000
- analyze object 540000
- analyze object 550000
- analyze object 560000
- analyze object 570000
- analyze object 580000
- analyze object 590000
- analyze object 600000
- analyze object 610000
- analyze object 620000
- analyze object 630000
- analyze object 640000
- analyze object 650000
- analyze object 660000
- analyze object 670000
- analyze object 680000
- analyze object 690000
- analyze object 700000
- analyze object 710000
- analyze object 720000
- analyze object 730000
- analyze object 740000
- analyze object 750000
- analyze object 760000
- analyze object 770000
- analyze object 780000
- analyze object 790000
- analyze object 800000
- analyze object 810000
- analyze object 820000
- analyze object 830000
- analyze object 840000
- analyze object 850000
- analyze object 860000
- analyze object 870000
- analyze object 880000
- analyze object 890000
- analyze object 900000
- analyze object 910000
- analyze object 920000
- analyze object 930000
- analyze object 940000
- analyze object 950000
- analyze object 960000
- analyze object 970000
- analyze object 980000
- analyze object 990000
- analyze object 1000000
- analyze object 1010000
- analyze object 1020000
- analyze object 1030000
- analyze object 1040000
- analyze object 1050000
- analyze object 1060000
- analyze object 1070000
- analyze object 1080000
- analyze object 1090000
- analyze object 1100000
- analyze object 1110000
- analyze object 1120000
- analyze object 1130000
- analyze object 1140000
- analyze object 1150000
- analyze object 1160000
- analyze object 1170000
- analyze object 1180000
- analyze object 1190000
- analyze object 1200000
- analyze object 1210000
- analyze object 1220000
- analyze object 1230000
- analyze object 1240000
- analyze object 1250000
- analyze object 1260000
took 7.132202378908793 min
filtering
Measure var for each aperture (no hit count)
hitcount
- compute all stacked profiles and their cov
Performing 10000 bootstrap resamples
took 5.130820981661478 min
Computing all stacked profiles (and cov) took 5.148318250974019 min
- load stacked profiles and their cov
allstacked
- plot all stacked profiles
- plot all covariances
- compute all SNR and significances
- compute SNR and significances for DSigma ksz_uniformweight 
- compute SNR and significances for DSigma ksz_uniformweight tsz
- compute SNR and significances for DSigma ksz_uniformweight ksz
Total time: 833.8220715522766 seconds
